../Drivers/CMSIS/Include/core_cm4.h:2064:26:ITM_SendChar	16	static,ignoring_inline_asm
../Core/Src/main.c:74:5:_write	32	static
../Core/Src/main.c:83:17:get_precision_tick	16	static,ignoring_inline_asm
../Core/Src/main.c:94:16:random_int	16	static
../Core/Src/main.c:128:5:main	16	static
../Core/Src/main.c:204:6:SystemClock_Config	120	static
../Core/Src/main.c:253:13:MX_ADC1_Init	32	static
../Core/Src/main.c:310:13:MX_SPI2_Init	8	static
../Core/Src/main.c:350:13:MX_TIM1_Init	40	static
../Core/Src/main.c:397:13:MX_USART2_UART_Init	8	static
../Core/Src/main.c:432:13:MX_GPIO_Init	48	static
../Core/Src/main.c:482:6:HAL_GPIO_EXTI_Callback	16	static
../Core/Src/main.c:504:6:Error_Handler	4	static,ignoring_inline_asm
