../Drivers/CMSIS/Include/core_cm4.h:2064:26:ITM_SendChar	16	static,ignoring_inline_asm
../Core/Src/main.c:74:5:_write	32	static
../Core/Src/main.c:83:17:get_precision_tick	16	static,ignoring_inline_asm
../Core/Src/main.c:95:16:random_int	16	static
../Core/Src/main.c:129:5:main	16	static
../Core/Src/main.c:209:6:SystemClock_Config	120	static
../Core/Src/main.c:258:13:MX_ADC1_Init	32	static
../Core/Src/main.c:315:13:MX_SPI2_Init	8	static
../Core/Src/main.c:355:13:MX_TIM1_Init	40	static
../Core/Src/main.c:402:13:MX_USART2_UART_Init	8	static
../Core/Src/main.c:437:13:MX_GPIO_Init	48	static
../Core/Src/main.c:487:6:HAL_GPIO_EXTI_Callback	16	static
../Core/Src/main.c:512:6:Error_Handler	4	static,ignoring_inline_asm
