../Core/Src/rfm95.c:71:13:read_register	32	static
../Core/Src/rfm95.c:88:13:write_register	24	static
../Core/Src/rfm95.c:102:13:config_set_channel	24	static
../Core/Src/rfm95.c:109:13:config_load_default	16	static
../Core/Src/rfm95.c:121:13:reset	16	static
../Core/Src/rfm95.c:129:13:configure_frequency	32	static
../Core/Src/rfm95.c:143:13:configure_channel	16	static
../Core/Src/rfm95.c:149:13:wait_for_irq	32	static
../Core/Src/rfm95.c:164:13:wait_for_rx_irqs	24	static
../Core/Src/rfm95.c:178:6:rfm95_set_power	24	static
../Core/Src/rfm95.c:204:6:rfm95_init	24	static
../Core/Src/rfm95.c:267:13:process_mac_commands	56	static
../Core/Src/rfm95.c:404:13:receive_at_scheduled_time	16	static
../Core/Src/rfm95.c:426:13:calculate_rx_timings	72	static
../Core/Src/rfm95.c:439:13:send_package	32	static
../Core/Src/rfm95.c:488:15:encode_phy_payload	64	static
../Core/Src/rfm95.c:530:13:decode_phy_payload	64	static
../Core/Src/rfm95.c:588:16:select_random_channel	24	static
../Core/Src/rfm95.c:613:6:rfm95_send_receive_cycle	112	static
../Core/Src/rfm95.c:695:6:rfm95_on_interrupt	24	static
