../Core/Src/rfm95.c:74:13:read_register	32	static
../Core/Src/rfm95.c:93:13:write_register	24	static
../Core/Src/rfm95.c:108:13:config_set_channel	24	static
../Core/Src/rfm95.c:115:13:config_load_default	16	static
../Core/Src/rfm95.c:127:13:reset	16	static
../Core/Src/rfm95.c:135:13:configure_frequency	32	static
../Core/Src/rfm95.c:147:13:configure_channel	16	static
../Core/Src/rfm95.c:153:13:wait_for_irq	32	static
../Core/Src/rfm95.c:168:13:wait_for_rx_irqs	24	static
../Core/Src/rfm95.c:182:6:rfm95_set_power	24	static
../Core/Src/rfm95.c:208:6:rfm95_init	24	static
../Core/Src/rfm95.c:290:13:process_mac_commands	56	static
../Core/Src/rfm95.c:428:13:receive_at_scheduled_time	16	static
../Core/Src/rfm95.c:454:13:calculate_rx_timings	72	static
../Core/Src/rfm95.c:467:13:receive_package	56	static
../Core/Src/rfm95.c:552:13:send_package	24	static
../Core/Src/rfm95.c:619:15:encode_phy_payload	64	static
../Core/Src/rfm95.c:661:13:decode_phy_payload	64	static
../Core/Src/rfm95.c:719:16:select_random_channel	24	static
../Core/Src/rfm95.c:744:6:rfm95_send_receive_cycle	112	static
../Core/Src/rfm95.c:827:6:rfm95_on_interrupt	24	static
