../Core/Src/rfm95.c:74:13:read_register	32	static
../Core/Src/rfm95.c:93:13:write_register	24	static
../Core/Src/rfm95.c:108:13:config_set_channel	24	static
../Core/Src/rfm95.c:115:13:config_load_default	16	static
../Core/Src/rfm95.c:127:13:reset	16	static
../Core/Src/rfm95.c:135:13:configure_frequency	32	static
../Core/Src/rfm95.c:147:13:configure_channel	16	static
../Core/Src/rfm95.c:153:13:wait_for_irq	32	static
../Core/Src/rfm95.c:166:13:wait_for_rx_irqs	24	static
../Core/Src/rfm95.c:180:6:rfm95_set_power	24	static
../Core/Src/rfm95.c:206:6:rfm95_init	24	static
../Core/Src/rfm95.c:288:13:process_mac_commands	56	static
../Core/Src/rfm95.c:426:13:receive_at_scheduled_time	16	static
../Core/Src/rfm95.c:452:13:calculate_rx_timings	72	static
../Core/Src/rfm95.c:465:13:receive_package	56	static
../Core/Src/rfm95.c:550:13:send_package	32	static
../Core/Src/rfm95.c:606:15:encode_phy_payload	64	static
../Core/Src/rfm95.c:648:13:decode_phy_payload	64	static
../Core/Src/rfm95.c:706:16:select_random_channel	24	static
../Core/Src/rfm95.c:731:6:rfm95_send_receive_cycle	176	static
../Core/Src/rfm95.c:814:6:rfm95_on_interrupt	24	static
