../Core/Src/lora_sx1276.c:89:16:read_register	32	static
../Core/Src/lora_sx1276.c:114:13:write_register	24	static
../Core/Src/lora_sx1276.c:134:13:write_fifo	40	static
../Core/Src/lora_sx1276.c:156:13:read_fifo	40	static
../Core/Src/lora_sx1276.c:178:13:set_mode	16	static
../Core/Src/lora_sx1276.c:184:13:set_OCP	24	static
../Core/Src/lora_sx1276.c:206:13:set_low_data_rate_optimization	48	static
../Core/Src/lora_sx1276.c:224:6:lora_mode_sleep	16	static
../Core/Src/lora_sx1276.c:231:6:lora_mode_receive_continuous	16	static
../Core/Src/lora_sx1276.c:243:6:lora_mode_receive_single	16	static
../Core/Src/lora_sx1276.c:255:6:lora_mode_standby	16	static
../Core/Src/lora_sx1276.c:262:6:lora_set_implicit_header_mode	24	static
../Core/Src/lora_sx1276.c:271:6:lora_set_explicit_header_mode	24	static
../Core/Src/lora_sx1276.c:280:6:lora_set_tx_power	16	static
../Core/Src/lora_sx1276.c:329:6:lora_set_frequency	32	static
../Core/Src/lora_sx1276.c:341:8:lora_packet_rssi	24	static
../Core/Src/lora_sx1276.c:350:9:lora_packet_snr	24	static
../Core/Src/lora_sx1276.c:359:6:lora_set_signal_bandwidth	32	static
../Core/Src/lora_sx1276.c:373:6:lora_set_spreading_factor	24	static
../Core/Src/lora_sx1276.c:399:6:lora_set_crc	24	static
../Core/Src/lora_sx1276.c:414:6:lora_set_coding_rate	24	static
../Core/Src/lora_sx1276.c:425:6:lora_set_preamble_length	16	static
../Core/Src/lora_sx1276.c:433:9:lora_version	16	static
../Core/Src/lora_sx1276.c:440:9:lora_is_transmitting	24	static
../Core/Src/lora_sx1276.c:449:16:lora_send_packet_base	24	static
../Core/Src/lora_sx1276.c:481:9:lora_send_packet	24	static
../Core/Src/lora_sx1276.c:486:9:lora_send_packet_dma_start	24	static
../Core/Src/lora_sx1276.c:492:7:lora_send_packet_dma_complete	16	static
../Core/Src/lora_sx1276.c:500:9:lora_send_packet_blocking	32	static
../Core/Src/lora_sx1276.c:524:6:lora_set_rx_symbol_timeout	24	static
../Core/Src/lora_sx1276.c:544:9:lora_is_packet_available	24	static
../Core/Src/lora_sx1276.c:554:9:lora_pending_packet_length	24	static
../Core/Src/lora_sx1276.c:570:16:lora_receive_packet_base	32	static
../Core/Src/lora_sx1276.c:617:9:lora_receive_packet	32	static
../Core/Src/lora_sx1276.c:622:9:lora_receive_packet_dma_start	32	static
../Core/Src/lora_sx1276.c:627:6:lora_receive_packet_dma_complete	16	static
../Core/Src/lora_sx1276.c:633:9:lora_receive_packet_blocking	32	static
../Core/Src/lora_sx1276.c:652:6:lora_enable_interrupt_rx_done	16	static
../Core/Src/lora_sx1276.c:660:6:lora_enable_interrupt_tx_done	16	static
../Core/Src/lora_sx1276.c:668:6:lora_clear_interrupt_tx_done	16	static
../Core/Src/lora_sx1276.c:673:6:lora_clear_interrupt_rx_all	16	static
../Core/Src/lora_sx1276.c:679:9:lora_init	32	static
